
> @atomiton/root@ test /Users/Ryan/Code/atomiton
> turbo run test

turbo 2.5.6

• Packages in scope: @atomiton/client, @atomiton/conductor, @atomiton/desktop, @atomiton/editor, @atomiton/eslint-config, @atomiton/events, @atomiton/form, @atomiton/hooks, @atomiton/nodes, @atomiton/router, @atomiton/storage, @atomiton/store, @atomiton/typescript-config, @atomiton/ui, @atomiton/utils, @atomiton/validation, @atomiton/vite-config, @atomiton/yaml
• Running test in 18 packages
• Remote caching disabled
@atomiton/typescript-config:test: cache miss, executing c7f33062ee4e00e7
@atomiton/typescript-config:test: 
@atomiton/typescript-config:test: > @atomiton/typescript-config@0.1.0 test /Users/Ryan/Code/atomiton/packages/@atomiton/typescript-config
@atomiton/typescript-config:test: > vitest run
@atomiton/typescript-config:test: 
@atomiton/typescript-config:test: 
@atomiton/typescript-config:test:  RUN  v3.2.4 /Users/Ryan/Code/atomiton/packages/@atomiton/typescript-config
@atomiton/typescript-config:test: 
@atomiton/typescript-config:test: No test files found, exiting with code 1
@atomiton/typescript-config:test: 
@atomiton/typescript-config:test: include: **/*.{test,spec}.?(c|m)[jt]s?(x)
@atomiton/typescript-config:test: exclude:  **/node_modules/**, **/dist/**, **/cypress/**, **/.{idea,git,cache,output,temp}/**, **/{karma,rollup,webpack,vite,vitest,jest,ava,babel,nyc,cypress,tsup,build,eslint,prettier}.config.*
@atomiton/typescript-config:test: 
@atomiton/typescript-config:test:  ELIFECYCLE  Test failed. See above for more details.
@atomiton/typescript-config:test:  WARN   Local package.json exists, but node_modules missing, did you mean to install?
@atomiton/typescript-config:test: ERROR: command finished with error: command (/Users/Ryan/Code/atomiton/packages/@atomiton/typescript-config) /Users/Ryan/Library/pnpm/.tools/pnpm/9.14.4/bin/pnpm run test exited (1)
@atomiton/typescript-config#test: command (/Users/Ryan/Code/atomiton/packages/@atomiton/typescript-config) /Users/Ryan/Library/pnpm/.tools/pnpm/9.14.4/bin/pnpm run test exited (1)

 Tasks:    0 successful, 1 total
Cached:    0 cached, 1 total
  Time:    865ms 
Failed:    @atomiton/typescript-config#test

 ERROR  run failed: command  exited (1)
 ELIFECYCLE  Test failed. See above for more details.
